// Jest Snapshot v1, https://goo.gl/fbAQLP

exports[`Testing over page at Main App level page renders App to service without breaking 1`] = `
Array [
  <div
    className="entire-App"
  >
    <div
      className="scroll-wrapper"
    >
      <div
        className="header optional"
      >
        <h2>
          Airbnb
          <br />
          Check Availability
          <br />
          Service by Jacki
        </h2>
      </div>
      <section
        className="major"
      >
        <div
          className="major-container"
        >
          <div
            className="app-container"
          >
            <div
              className="upper-app"
            >
              <Price
                price={833}
              />
              <Reviews
                rating={4.4}
                reviews_count={977}
              />
            </div>
            <div
              className="middle-app"
            >
              <DatePicker
                availability={
                  Array [
                    Object {
                      "_id": "5f6ea3f6ef412273ad082e28",
                      "days": Array [
                        0,
                        0,
                        0,
                        0,
                        0,
                        1,
                        1,
                        1,
                        1,
                        1,
                        1,
                        0,
                        0,
                        0,
                        0,
                        0,
                        0,
                        0,
                        0,
                        0,
                        0,
                        0,
                        0,
                        0,
                        0,
                        0,
                        0,
                        0,
                        0,
                        0,
                        0,
                      ],
                      "name": "October",
                    },
                    Object {
                      "_id": "5f6ea3f6ef412273ad082e29",
                      "days": Array [
                        0,
                        0,
                        0,
                        0,
                        0,
                        1,
                        1,
                        1,
                        1,
                        1,
                        1,
                        0,
                        0,
                        0,
                        0,
                        0,
                        0,
                        0,
                        0,
                        0,
                        0,
                        0,
                        0,
                        0,
                        0,
                        0,
                        0,
                        0,
                        0,
                        0,
                        0,
                      ],
                      "name": "November",
                    },
                    Object {
                      "_id": "5f6ea3f6ef412273ad082e2a",
                      "days": Array [
                        0,
                        0,
                        0,
                        0,
                        0,
                        1,
                        1,
                        1,
                        1,
                        1,
                        1,
                        0,
                        0,
                        0,
                        0,
                        0,
                        0,
                        0,
                        0,
                        0,
                        0,
                        0,
                        0,
                        0,
                        0,
                        0,
                        0,
                        0,
                        0,
                        0,
                        0,
                      ],
                      "name": "December",
                    },
                  ]
                }
              />
              <Guests />
            </div>
            <div
              className="lower-app"
            >
              <CA />
            </div>
          </div>
        </div>
      </section>
      <section
        className="minor"
      >
        <div
          className="minor-container"
        >
          <div
            className="minor-header"
          >
            <div
              className="modal-header-left"
            >
              <div
                className="selectDates"
              >
                Select Dates
              </div>
              <span
                className="listing_rooms"
              >
                Entire house . 2 bds . 1 bath
              </span>
            </div>
          </div>
          <div
            className="cal-dbl-container"
          >
            <div
              className="cal-left"
            >
              <Calendar />
            </div>
            <div
              className="cal-right"
            >
              <Calendar />
            </div>
          </div>
          <div
            className="actions"
          >
            <div
              className="taxesWarning"
            >
              Prices on calendar do not include taxes and fees
            </div>
            <button
              className="clear-btn"
              type="button"
            >
              Clear date
            </button>
          </div>
        </div>
      </section>
    </div>
  </div>,
]
`;
